app/(main)/dashboard/orders/[id]/page.tsx(119,58): error TS2322: Type '{ id: string; fileName: string; fileUrl: string; fileSize: number | null; createdAt: Date; }[]' is not assignable to type 'Attachment[]'.
  Property 'contentType' is missing in type '{ id: string; fileName: string; fileUrl: string; fileSize: number | null; createdAt: Date; }' but required in type 'Attachment'.
app/(main)/dashboard/orders/[id]/page.tsx(156,41): error TS2339: Property 'email' does not exist on type '{ id: string; name: string | null; firstName: string; lastName: string; phone: string; clientType: "b2c" | "b2b"; company: string | null; }'.
app/(main)/dashboard/orders/[id]/page.tsx(157,63): error TS2339: Property 'email' does not exist on type '{ id: string; name: string | null; firstName: string; lastName: string; phone: string; clientType: "b2c" | "b2b"; company: string | null; }'.
app/(main)/dashboard/orders/[id]/page.tsx(159,49): error TS2339: Property 'email' does not exist on type '{ id: string; name: string | null; firstName: string; lastName: string; phone: string; clientType: "b2c" | "b2b"; company: string | null; }'.
app/(main)/dashboard/orders/[id]/page.tsx(163,45): error TS2339: Property 'telegram' does not exist on type '{ id: string; name: string | null; firstName: string; lastName: string; phone: string; clientType: "b2c" | "b2b"; company: string | null; }'.
app/(main)/dashboard/orders/[id]/page.tsx(168,45): error TS2339: Property 'instagram' does not exist on type '{ id: string; name: string | null; firstName: string; lastName: string; phone: string; clientType: "b2c" | "b2b"; company: string | null; }'.
app/(main)/dashboard/orders/[id]/page.tsx(180,45): error TS2339: Property 'address' does not exist on type '{ id: string; name: string | null; firstName: string; lastName: string; phone: string; clientType: "b2c" | "b2b"; company: string | null; }'.
app/(main)/dashboard/orders/[id]/page.tsx(199,40): error TS2551: Property 'promocode' does not exist on type 'OrderWithRelations'. Did you mean 'promocodeId'?
app/(main)/dashboard/orders/[id]/page.tsx(199,66): error TS2551: Property 'promocode' does not exist on type 'OrderWithRelations'. Did you mean 'promocodeId'?
app/(main)/dashboard/orders/[id]/page.tsx(199,108): error TS2551: Property 'promocode' does not exist on type 'OrderWithRelations'. Did you mean 'promocodeId'?
app/(main)/dashboard/orders/[id]/page.tsx(203,95): error TS2551: Property 'promocode' does not exist on type 'OrderWithRelations'. Did you mean 'promocodeId'?
app/(main)/dashboard/orders/[id]/page.tsx(247,115): error TS2339: Property 'comment' does not exist on type '{ id: string; amount: string; method: string; isAdvance: boolean; createdAt: Date; }'.
app/(main)/dashboard/orders/__tests__/core.actions.test.ts(142,21): error TS2339: Property 'data' does not exist on type 'ActionResult<void>'.
  Property 'data' does not exist on type 'ActionFailure'.
tests/dashboard/orders.test.ts(154,32): error TS2339: Property 'total' does not exist on type 'GetOrdersResult'.
