app/(main)/dashboard/design/prints/[collectionId]/[designId]/components/design-pricing-card.tsx(108,30): error TS2322: Type '{ children: Element[]; value: string; onValueChange: (v: any) => void; }' is not assignable to type 'IntrinsicAttributes & SelectProps'.
app/(main)/dashboard/design/prints/[collectionId]/[designId]/components/design-pricing-card.tsx(110,49): error TS7006: Parameter 'v' implicitly has an 'any' type.
app/(main)/dashboard/design/prints/[collectionId]/[designId]/components/mockup-form-dialog.tsx(75,9): error TS2322: Type 'Resolver<{ name: string; color?: string | undefined; productType?: string | undefined; isActive?: boolean | undefined; }, any, { name: string; isActive: boolean; color?: string | undefined; productType?: string | undefined; }>' is not assignable to type 'Resolver<{ name: string; isActive: boolean; color?: string | undefined; productType?: string | undefined; }, any, { name: string; isActive: boolean; color?: string | undefined; productType?: string | undefined; }>'.
app/(main)/dashboard/design/prints/[collectionId]/[designId]/components/mockup-form-dialog.tsx(181,55): error TS2345: Argument of type 'SubmitHandler<{ name: string; isActive: boolean; color?: string | undefined; productType?: string | undefined; }>' is not assignable to parameter of type 'SubmitHandler<TFieldValues>'.
app/(main)/dashboard/design/prints/[collectionId]/[designId]/components/mockup-form-dialog.tsx(223,29): error TS2322: Type 'Control<{ name: string; isActive: boolean; color?: string | undefined; productType?: string | undefined; }, any, TFieldValues>' is not assignable to type 'Control<{ name: string; isActive: boolean; color?: string | undefined; productType?: string | undefined; }, any, { name: string; isActive: boolean; color?: string | undefined; productType?: string | undefined; }>'.
app/(main)/dashboard/design/prints/[collectionId]/[designId]/components/mockup-form-dialog.tsx(237,29): error TS2322: Type 'Control<{ name: string; isActive: boolean; color?: string | undefined; productType?: string | undefined; }, any, TFieldValues>' is not assignable to type 'Control<{ name: string; isActive: boolean; color?: string | undefined; productType?: string | undefined; }, any, { name: string; isActive: boolean; color?: string | undefined; productType?: string | undefined; }>'.
app/(main)/dashboard/design/prints/[collectionId]/[designId]/components/mockup-form-dialog.tsx(267,29): error TS2322: Type 'Control<{ name: string; isActive: boolean; color?: string | undefined; productType?: string | undefined; }, any, TFieldValues>' is not assignable to type 'Control<{ name: string; isActive: boolean; color?: string | undefined; productType?: string | undefined; }, any, { name: string; isActive: boolean; color?: string | undefined; productType?: string | undefined; }>'.
app/(main)/dashboard/design/prints/[collectionId]/[designId]/components/mockup-form-dialog.tsx(285,29): error TS2322: Type 'Control<{ name: string; isActive: boolean; color?: string | undefined; productType?: string | undefined; }, any, TFieldValues>' is not assignable to type 'Control<{ name: string; isActive: boolean; color?: string | undefined; productType?: string | undefined; }, any, { name: string; isActive: boolean; color?: string | undefined; productType?: string | undefined; }>'.
