app/(main)/dashboard/production/actions/bento-dashboard-actions.ts(280,32): error TS2353: Object literal may only specify known properties, and 'error' does not exist in type '{ success: boolean; data: MaterialAlert[]; }'.
app/(main)/dashboard/production/actions/bento-dashboard-analytics-actions.ts(50,32): error TS2353: Object literal may only specify known properties, and 'error' does not exist in type '{ success: boolean; data?: HeatmapData | undefined; }'.
app/(main)/dashboard/production/actions/bento-dashboard-analytics-actions.ts(106,32): error TS2353: Object literal may only specify known properties, and 'error' does not exist in type '{ success: boolean; data?: StaffLoadData | undefined; }'.
app/(main)/dashboard/production/actions/bento-dashboard-analytics-actions.ts(170,32): error TS2353: Object literal may only specify known properties, and 'error' does not exist in type '{ success: boolean; data?: ShiftEfficiencyData | undefined; }'.
app/(main)/dashboard/production/actions/bento-dashboard-analytics-actions.ts(288,32): error TS2353: Object literal may only specify known properties, and 'error' does not exist in type '{ success: boolean; data: UrgentTask[]; }'.
app/(main)/dashboard/production/actions/bento-dashboard-analytics-actions.ts(341,32): error TS2353: Object literal may only specify known properties, and 'error' does not exist in type '{ success: boolean; data: EquipmentStatusItem[]; }'.
app/(main)/dashboard/production/actions/reports-actions.ts(453,21): error TS2339: Property 'user' does not exist on type '{ id: string; sessionId: string; email: string; name: string; roleName: string; roleId: string; departmentName: string; ua: string | null | undefined; expires: Date; betterAuthUser: { id: string; ... 12 more ...; banExpires?: Date | ... 1 more ... | undefined; }; betterAuthSession: { ...; }; }'.
app/(main)/dashboard/production/actions/reports-actions.ts(453,62): error TS2339: Property 'user' does not exist on type '{ id: string; sessionId: string; email: string; name: string; roleName: string; roleId: string; departmentName: string; ua: string | null | undefined; expires: Date; betterAuthUser: { id: string; ... 12 more ...; banExpires?: Date | ... 1 more ... | undefined; }; betterAuthSession: { ...; }; }'.
app/(main)/dashboard/production/actions/reports-actions.ts(481,21): error TS2339: Property 'user' does not exist on type '{ id: string; sessionId: string; email: string; name: string; roleName: string; roleId: string; departmentName: string; ua: string | null | undefined; expires: Date; betterAuthUser: { id: string; ... 12 more ...; banExpires?: Date | ... 1 more ... | undefined; }; betterAuthSession: { ...; }; }'.
app/(main)/dashboard/production/actions/reports-actions.ts(481,62): error TS2339: Property 'user' does not exist on type '{ id: string; sessionId: string; email: string; name: string; roleName: string; roleId: string; departmentName: string; ua: string | null | undefined; expires: Date; betterAuthUser: { id: string; ... 12 more ...; banExpires?: Date | ... 1 more ... | undefined; }; betterAuthSession: { ...; }; }'.
app/(main)/dashboard/production/calculators/actions/meter-pricing-actions.ts(108,14): error TS2304: Cannot find name 'session'.
app/(main)/dashboard/production/calculators/actions/meter-pricing-actions.ts(113,13): error TS2304: Cannot find name 'session'.
app/(main)/dashboard/production/calculators/actions/meter-pricing-actions.ts(113,53): error TS2304: Cannot find name 'session'.
app/(main)/dashboard/production/calculators/actions/meter-pricing-actions.ts(166,14): error TS2304: Cannot find name 'session'.
app/(main)/dashboard/production/calculators/actions/meter-pricing-actions.ts(171,13): error TS2304: Cannot find name 'session'.
app/(main)/dashboard/production/calculators/actions/meter-pricing-actions.ts(171,53): error TS2304: Cannot find name 'session'.
app/(main)/dashboard/production/calculators/actions/meter-pricing-actions.ts(230,14): error TS2304: Cannot find name 'session'.
app/(main)/dashboard/production/calculators/actions/meter-pricing-actions.ts(235,13): error TS2304: Cannot find name 'session'.
app/(main)/dashboard/production/calculators/actions/meter-pricing-actions.ts(235,53): error TS2304: Cannot find name 'session'.
app/(main)/dashboard/production/calculators/actions/meter-pricing-actions.ts(273,14): error TS2304: Cannot find name 'session'.
app/(main)/dashboard/production/calculators/actions/meter-pricing-actions.ts(278,13): error TS2304: Cannot find name 'session'.
app/(main)/dashboard/production/calculators/actions/meter-pricing-actions.ts(278,53): error TS2304: Cannot find name 'session'.
